// Jest Snapshot v1, https://goo.gl/fbAQLP

exports[`DepositForm renders correctly with localized texts 1`] = `
<div>
  <div
    class=""
  >
    <div
      class="navbar bg-[#030A1C] text-white"
    >
      <div
        class="navbar-start ml-8"
      >
        <div
          class="dropdown"
        >
          <div
            class="btn btn-ghost md:hidden"
            role="button"
            tabindex="0"
          >
            <svg
              class="h-5 w-5"
              fill="none"
              stroke="currentColor"
              viewBox="0 0 24 24"
              xmlns="http://www.w3.org/2000/svg"
            >
              <path
                d="M4 6h16M4 12h8m-8 6h16"
                stroke-linecap="round"
                stroke-linejoin="round"
                stroke-width="2"
              />
            </svg>
          </div>
          <ul
            class="menu menu-sm dropdown-content mt-3 z-[1] p-2 shadow bg-base-100 rounded-box w-52 text-black"
            tabindex="0"
          >
            <li>
              <a>
                Item 1
              </a>
            </li>
            <li>
              <a>
                Parent
              </a>
              <ul
                class="p-2 text-black"
              >
                <li>
                  <a>
                    Submenu 1
                  </a>
                </li>
                <li>
                  <a>
                    Submenu 2
                  </a>
                </li>
              </ul>
            </li>
            <li>
              <a>
                Item 3
              </a>
            </li>
          </ul>
        </div>
        <img
          alt="Logo"
          class="h-20"
          src="Invictum.svg"
        />
        <a
          class="btn btn-ghost p-0 text-xl"
        >
          NVICTUM
        </a>
      </div>
      <div
        class="navbar-center hidden md:flex"
      >
        <ul
          class="menu menu-horizontal px-1"
        >
          <li>
            <a
              href="/Aprendizaje"
            >
              Educacion
            </a>
          </li>
          <li>
            <details>
              <summary>
                Transacciones
              </summary>
              <ul
                class="p-2 text-black w-32"
              >
                <li>
                  <a>
                    Depositar fondos
                  </a>
                </li>
                <li>
                  <a>
                    Retirar fondos
                  </a>
                </li>
              </ul>
            </details>
          </li>
          <li>
            <a>
              Reportes
            </a>
          </li>
        </ul>
      </div>
      <div
        class="navbar-end flex mr-8"
      >
        <p
          class="text-xl mr-4"
        />
        <details
          class="dropdown dropdown-end"
        >
          <summary>
            <img
              alt="Profile Image"
              class="h-20 bg-black rounded-full p-3 mr-4"
              src="profileImage.png"
            />
          </summary>
          <ul
            class="p-2 shadow menu dropdown-content z-[1] bg-base-100 rounded-box w-52"
          >
            <li>
              <a
                class="text-black"
              >
                Configuración de administrador
              </a>
            </li>
            <li>
              <a
                class="text-black"
              >
                Reestablecer Contraseña
              </a>
            </li>
          </ul>
        </details>
      </div>
    </div>
    <button
      class="flex items-center justify-center bg-blue-500 hover:bg-blue-400 text-black font-bold py-2 px-4 m-10 color-gris-fondo rounded focus:outline-none focus:shadow-outline"
    >
      <svg
        class="w-4 h-4 mr-2 fill-current"
        viewBox="0 0 20 20"
        xmlns="http://www.w3.org/2000/svg"
      >
        <path
          d="M10 15l-5-5 5-5v10zM5 10h10V9H5v1z"
        />
      </svg>
      Volver
    </button>
    <div
      class="flex flex-col items-center justify-center"
    >
      <div
        class="w-full max-w-md"
      >
        <div
          class="flex justify-between items-center mt-4 px-4 w-full"
        />
        <h2
          class="text-3xl font-semibold text-center text-gray-700 font-inter -mt-20"
        >
          Depositar fondos
        </h2>
        <div
          style="width: 72px;"
        />
        <form
          class="mt-6"
        >
          <div
            class="mb-4"
          >
            <label
              class="block text-gray-900 text-sm font-medium mt-20"
              for="amount"
            >
              Ingrese la cantidad a depositar en USD
            </label>
            <input
              class="w-full px-4 py-2 text-gray-900 bg-transparent border-b-2 border-gray-500 focus:outline-none focus:border-blue-500  mb-3 placeholder-black"
              id="amount"
              name="amount"
              type="number"
              value=""
            />
          </div>
          <div
            class="mb-4"
          >
            <label
              class="block text-gray-900  text-sm font-medium mt-11 "
              for="amount"
            >
              Nombre del titular de la tarjeta
            </label>
            <input
              class="w-full px-4 py-2 text-gray-900 bg-transparent border-b-2 border-gray-500 focus:outline-none focus:border-blue-500 mb-3 placeholder-black"
              name="cardHolderName"
              type="text"
              value=""
            />
          </div>
          <div
            class="mb-4"
          >
            <label
              class="block text-gray-900  text-sm font-medium mt-11 "
              for="amount"
            >
              Numero de tarjeta
            </label>
            <input
              class="w-full px-4 py-2 text-gray-900 bg-transparent border-b-2 border-gray-500 focus:outline-none focus:border-blue-500 mb-3 placeholder-black"
              name="cardNumber"
              placeholder=""
              type="text"
              value=""
            />
          </div>
          <div
            class="mb-6"
          >
            <label
              class="block text-gray-900  text-sm font-medium mt-11 "
              for="amount"
            >
              CSV
            </label>
            <input
              class="w-full px-4 py-2 text-gray-900 bg-transparent border-b-2 border-gray-500 focus:outline-none focus:border-blue-500 mb-3 placeholder-black"
              name="csv"
              type="number"
              value=""
            />
          </div>
          <div
            class="mb-6"
          >
            <button
              class="w-full px-4 my-20 py-5 text-xl text-white bg-blue-500 rounded-3xl hover:bg-blue-600 focus:outline-none color-pagar"
              href="/confirmacionDeposito"
              type="submit"
            >
              Pagar
            </button>
          </div>
        </form>
      </div>
    </div>
  </div>
</div>
`;
